C:\Users\Marcelo\Documents\NetBeansProjects\tensada\src\main\java\org\tensa\tensada\matrix\Dominio.java
C:\Users\Marcelo\Documents\NetBeansProjects\tensada\src\main\java\org\tensa\tensada\vector\AbstractBaseDouble3DVector.java
C:\Users\Marcelo\Documents\NetBeansProjects\tensada\src\main\java\org\tensa\tensada\matrix\Matriz.java
C:\Users\Marcelo\Documents\NetBeansProjects\tensada\src\main\java\org\tensa\tensada\vector\impl\DoubleVector3DImpl.java
C:\Users\Marcelo\Documents\NetBeansProjects\tensada\src\main\java\org\tensa\tensada\vector\AbstractData3DVector.java
C:\Users\Marcelo\Documents\NetBeansProjects\tensada\src\main\java\org\tensa\tensada\matrix\FloatMatriz.java
C:\Users\Marcelo\Documents\NetBeansProjects\tensada\src\main\java\org\tensa\tensada\vector\Double3DVector.java
C:\Users\Marcelo\Documents\NetBeansProjects\tensada\src\main\java\org\tensa\tensada\vector\AbstractFast3DVector.java
C:\Users\Marcelo\Documents\NetBeansProjects\tensada\src\main\java\org\tensa\tensada\matrix\DoubleMatriz.java
C:\Users\Marcelo\Documents\NetBeansProjects\tensada\src\main\java\org\tensa\tensada\matrix\BigDecimalMatriz.java
C:\Users\Marcelo\Documents\NetBeansProjects\tensada\src\main\java\org\tensa\tensada\vector\AbstractMatrix3DVector.java
C:\Users\Marcelo\Documents\NetBeansProjects\tensada\src\main\java\org\tensa\tensada\vector\Data3D.java
C:\Users\Marcelo\Documents\NetBeansProjects\tensada\src\main\java\org\tensa\tensada\matrix\Indice.java
C:\Users\Marcelo\Documents\NetBeansProjects\tensada\src\main\java\org\tensa\tensada\matrix\BlockMatriz.java
C:\Users\Marcelo\Documents\NetBeansProjects\tensada\src\main\java\org\tensa\tensada\matrix\ParOrdenado.java
C:\Users\Marcelo\Documents\NetBeansProjects\tensada\src\main\java\org\tensa\tensada\matrix\NumericMatriz.java
